 ⚠ Linting is disabled.
  ▲ Next.js 14.2.3
  - Environments: .env

   Creating an optimized production build ...
<w> [webpack.cache.PackFileCacheStrategy/webpack.FileSystemInfo] Resolving '../../../typescript/lib/typescript' in d:\My Github Projects\Raduno online ticket system\node_modules\next\dist\build for build dependencies doesn't lead to expected result 'D:\My Github Projects\Raduno online ticket system\node_modules\typescript\lib\typescript.js', but to 'd:\My Github Projects\Raduno online ticket system\node_modules\typescript\lib\typescript.js' instead. Resolving dependencies are ignored for this path.
<w>  at resolve commonjs file ../../../typescript/lib/typescript (expected D:\My Github Projects\Raduno online ticket system\node_modules\typescript\lib\typescript.js)
<w>  at file dependencies d:\My Github Projects\Raduno online ticket system\node_modules\next\dist\build\load-jsconfig.js
<w>  at file d:\My Github Projects\Raduno online ticket system\node_modules\next\dist\build\load-jsconfig.js
<w>  at file dependencies d:\My Github Projects\Raduno online ticket system\node_modules\next\dist\build\webpack-config.js
<w>  at file d:\My Github Projects\Raduno online ticket system\node_modules\next\dist\build\webpack-config.js
<w>  at file dependencies d:\My Github Projects\Raduno online ticket system\node_modules\next\dist\build\webpack\loaders\next-swc-loader.js
<w>  at file d:\My Github Projects\Raduno online ticket system\node_modules\next\dist\build\webpack\loaders\next-swc-loader.js
<w>  at resolve commonjs d:\My Github Projects\Raduno online ticket system\node_modules\next\dist\build\webpack\loaders\next-swc-loader.js
Error: Cannot apply unknown utility class `bg-gray-50`. Are you using CSS modules or similar and missing `@reference`? https://tailwindcss.com/docs/functions-and-directives#reference-directive
    at onInvalidCandidate (d:\My Github Projects\Raduno online ticket system\node_modules\tailwindcss\dist\lib.js:21:1314)
    at Ne (d:\My Github Projects\Raduno online ticket system\node_modules\tailwindcss\dist\lib.js:16:38783)
    at d:\My Github Projects\Raduno online ticket system\node_modules\tailwindcss\dist\lib.js:21:355
    at zr (d:\My Github Projects\Raduno online ticket system\node_modules\tailwindcss\dist\lib.js:3:1733)
    at I (d:\My Github Projects\Raduno online ticket system\node_modules\tailwindcss\dist\lib.js:3:1377)
    at Ee (d:\My Github Projects\Raduno online ticket system\node_modules\tailwindcss\dist\lib.js:21:172)
    at vn (d:\My Github Projects\Raduno online ticket system\node_modules\tailwindcss\dist\lib.js:38:294)
    at async kn (d:\My Github Projects\Raduno online ticket system\node_modules\tailwindcss\dist\lib.js:38:631)
    at async Xr (d:\My Github Projects\Raduno online ticket system\node_modules\@tailwindcss\node\dist\index.js:10:3415)
    at async E (d:\My Github Projects\Raduno online ticket system\node_modules\@tailwindcss\postcss\dist\index.js:10:3983)
<w> [webpack.cache.PackFileCacheStrategy/webpack.FileSystemInfo] Resolving '../../../typescript/lib/typescript' in d:\My Github Projects\Raduno online ticket system\node_modules\next\dist\build for build dependencies doesn't lead to expected result 'D:\My Github Projects\Raduno online ticket system\node_modules\typescript\lib\typescript.js', but to 'd:\My Github Projects\Raduno online ticket system\node_modules\typescript\lib\typescript.js' instead. Resolving dependencies are ignored for this path.
<w>  at resolve commonjs file ../../../typescript/lib/typescript (expected D:\My Github Projects\Raduno online ticket system\node_modules\typescript\lib\typescript.js)
<w>  at file dependencies d:\My Github Projects\Raduno online ticket system\node_modules\next\dist\build\load-jsconfig.js
<w>  at file d:\My Github Projects\Raduno online ticket system\node_modules\next\dist\build\load-jsconfig.js
<w>  at file dependencies d:\My Github Projects\Raduno online ticket system\node_modules\next\dist\build\webpack-config.js
<w>  at file d:\My Github Projects\Raduno online ticket system\node_modules\next\dist\build\webpack-config.js
<w>  at file dependencies d:\My Github Projects\Raduno online ticket system\node_modules\next\dist\build\webpack\loaders\next-swc-loader.js
<w>  at file d:\My Github Projects\Raduno online ticket system\node_modules\next\dist\build\webpack\loaders\next-swc-loader.js
<w>  at resolve commonjs d:\My Github Projects\Raduno online ticket system\node_modules\next\dist\build\webpack\loaders\next-swc-loader.js
<w> [webpack.cache.PackFileCacheStrategy] Skipped not serializable cache item 'Compilation/modules|d:\My Github Projects\Raduno online ticket system\node_modules\next\dist\build\webpack\loaders\css-loader\src\index.js??ruleSet[1].rules[13].oneOf[12].use[2]!d:\My Github Projects\Raduno online ticket system\node_modules\next\dist\build\webpack\loaders\postcss-loader\src\index.js??ruleSet[1].rules[13].oneOf[12].use[3]!d:\My Github Projects\Raduno online ticket system\src\app\globals.css': No serializer registered for PostCSSSyntaxError
<w> while serializing webpack/lib/cache/PackFileCacheStrategy.PackContentItems -> webpack/lib/NormalModule -> webpack/lib/ModuleBuildError -> PostCSSSyntaxError
Failed to compile.

./src/app/globals.css:1:1
Syntax error: tailwindcss: d:\My Github Projects\Raduno online ticket system\src\app\globals.css Cannot apply unknown utility class `bg-gray-50`. Are you using CSS modules or similar and missing `@reference`? https://tailwindcss.com/docs/functions-and-directives#reference-directive

[1m[31m>[39m[22m[90m 1 | [39m[36m@tailwind[39m base[33m;[39m
 [90m   | [39m[1m[31m^[39m[22m
 [90m 2 | [39m[36m@tailwind[39m components[33m;[39m
 [90m 3 | [39m[36m@tailwind[39m utilities[33m;[39m

./src/app/globals.css
Syntax error: tailwindcss: d:\My Github Projects\Raduno online ticket system\src\app\globals.css Cannot apply unknown utility class `bg-gray-50`. Are you using CSS modules or similar and missing `@reference`? https://tailwindcss.com/docs/functions-and-directives#reference-directive (1:1)

[1m[31m>[39m[22m[90m 1 | [39m[36m@tailwind[39m base[33m;[39m
 [90m   | [39m[1m[31m^[39m[22m
 [90m 2 | [39m[36m@tailwind[39m components[33m;[39m
 [90m 3 | [39m[36m@tailwind[39m utilities[33m;[39m

    at tryRunOrWebpackError (d:\My Github Projects\Raduno online ticket system\node_modules\next\dist\compiled\webpack\bundle5.js:28:312989)
    at __webpack_require_module__ (d:\My Github Projects\Raduno online ticket system\node_modules\next\dist\compiled\webpack\bundle5.js:28:131165)
    at __nested_webpack_require_153728__ (d:\My Github Projects\Raduno online ticket system\node_modules\next\dist\compiled\webpack\bundle5.js:28:130607)
    at d:\My Github Projects\Raduno online ticket system\node_modules\next\dist\compiled\webpack\bundle5.js:28:131454
    at symbolIterator (d:\My Github Projects\Raduno online ticket system\node_modules\next\dist\compiled\neo-async\async.js:1:14444)
    at done (d:\My Github Projects\Raduno online ticket system\node_modules\next\dist\compiled\neo-async\async.js:1:14824)
    at Hook.eval [as callAsync] (eval at create (d:\My Github Projects\Raduno online ticket system\node_modules\next\dist\compiled\webpack\bundle5.js:13:28858), <anonymous>:15:1)
    at Hook.CALL_ASYNC_DELEGATE [as _callAsync] (d:\My Github Projects\Raduno online ticket system\node_modules\next\dist\compiled\webpack\bundle5.js:13:26012)
    at d:\My Github Projects\Raduno online ticket system\node_modules\next\dist\compiled\webpack\bundle5.js:28:130328
    at symbolIterator (d:\My Github Projects\Raduno online ticket system\node_modules\next\dist\compiled\neo-async\async.js:1:14402)
-- inner error --
Syntax error: tailwindcss: d:\My Github Projects\Raduno online ticket system\src\app\globals.css Cannot apply unknown utility class `bg-gray-50`. Are you using CSS modules or similar and missing `@reference`? https://tailwindcss.com/docs/functions-and-directives#reference-directive (1:1)

[1m[31m>[39m[22m[90m 1 | [39m[36m@tailwind[39m base[33m;[39m
 [90m   | [39m[1m[31m^[39m[22m
 [90m 2 | [39m[36m@tailwind[39m components[33m;[39m
 [90m 3 | [39m[36m@tailwind[39m utilities[33m;[39m

    at Object.<anonymous> (d:\My Github Projects\Raduno online ticket system\node_modules\next\dist\build\webpack\loaders\css-loader\src\index.js??ruleSet[1].rules[13].oneOf[12].use[2]!d:\My Github Projects\Raduno online ticket system\node_modules\next\dist\build\webpack\loaders\postcss-loader\src\index.js??ruleSet[1].rules[13].oneOf[12].use[3]!d:\My Github Projects\Raduno online ticket system\src\app\globals.css:1:7)
    at d:\My Github Projects\Raduno online ticket system\node_modules\next\dist\compiled\webpack\bundle5.js:28:922493
    at Hook.eval [as call] (eval at create (d:\My Github Projects\Raduno online ticket system\node_modules\next\dist\compiled\webpack\bundle5.js:13:28636), <anonymous>:7:1)
    at Hook.CALL_DELEGATE [as _call] (d:\My Github Projects\Raduno online ticket system\node_modules\next\dist\compiled\webpack\bundle5.js:13:25906)
    at d:\My Github Projects\Raduno online ticket system\node_modules\next\dist\compiled\webpack\bundle5.js:28:131198
    at tryRunOrWebpackError (d:\My Github Projects\Raduno online ticket system\node_modules\next\dist\compiled\webpack\bundle5.js:28:312943)
    at __webpack_require_module__ (d:\My Github Projects\Raduno online ticket system\node_modules\next\dist\compiled\webpack\bundle5.js:28:131165)
    at __nested_webpack_require_153728__ (d:\My Github Projects\Raduno online ticket system\node_modules\next\dist\compiled\webpack\bundle5.js:28:130607)
    at d:\My Github Projects\Raduno online ticket system\node_modules\next\dist\compiled\webpack\bundle5.js:28:131454
    at symbolIterator (d:\My Github Projects\Raduno online ticket system\node_modules\next\dist\compiled\neo-async\async.js:1:14444)

Generated code for d:\My Github Projects\Raduno online ticket system\node_modules\next\dist\build\webpack\loaders\css-loader\src\index.js??ruleSet[1].rules[13].oneOf[12].use[2]!d:\My Github Projects\Raduno online ticket system\node_modules\next\dist\build\webpack\loaders\postcss-loader\src\index.js??ruleSet[1].rules[13].oneOf[12].use[3]!d:\My Github Projects\Raduno online ticket system\src\app\globals.css

Import trace for requested module:
./src/app/globals.css


> Build failed because of webpack errors
